[     119ms] [INFO] %cDownload the React DevTools for a better development experience: https://react.dev/link/react-devtools font-weight:bold @ http://localhost:3000/_next/static/chunks/node_modules_next_dist_1ybzpk2._.js:2477
[     129ms] [LOG] [HMR] connected @ http://localhost:3000/_next/static/chunks/node_modules_next_dist_1ybzpk2._.js:2477
[   25963ms] [WARNING] Warning: Missing `Description` or `aria-describedby={undefined}` for {DialogContent}. @ http://localhost:3000/_next/static/chunks/node_modules_next_dist_1ybzpk2._.js:2477
[   25966ms] [WARNING] Warning: Missing `Description` or `aria-describedby={undefined}` for {DialogContent}. @ http://localhost:3000/_next/static/chunks/node_modules_next_dist_1ybzpk2._.js:2477
[   76862ms] [WARNING] Warning: Missing `Description` or `aria-describedby={undefined}` for {DialogContent}. @ http://localhost:3000/_next/static/chunks/node_modules_next_dist_1ybzpk2._.js:2477
[   76864ms] [WARNING] Warning: Missing `Description` or `aria-describedby={undefined}` for {DialogContent}. @ http://localhost:3000/_next/static/chunks/node_modules_next_dist_1ybzpk2._.js:2477
[   93459ms] [WARNING] Warning: Missing `Description` or `aria-describedby={undefined}` for {DialogContent}. @ http://localhost:3000/_next/static/chunks/node_modules_next_dist_1ybzpk2._.js:2477
[   93461ms] [WARNING] Warning: Missing `Description` or `aria-describedby={undefined}` for {DialogContent}. @ http://localhost:3000/_next/static/chunks/node_modules_next_dist_1ybzpk2._.js:2477
[  156246ms] [ERROR] WebSocket connection to 'ws://localhost:3000/_next/webpack-hmr?id=rRhp8QCbQVbDunCAhDSAB' failed:  @ http://localhost:3000/_next/static/chunks/node_modules_next_dist_client_0r5nbpw._.js:13422
[  157251ms] [ERROR] WebSocket connection to 'ws://localhost:3000/_next/webpack-hmr?id=rRhp8QCbQVbDunCAhDSAB' failed: Error in connection establishment: net::ERR_CONNECTION_REFUSED @ http://localhost:3000/_next/static/chunks/node_modules_next_dist_client_0r5nbpw._.js:13422
[  158253ms] [ERROR] WebSocket connection to 'ws://localhost:3000/_next/webpack-hmr?id=rRhp8QCbQVbDunCAhDSAB' failed: Error in connection establishment: net::ERR_CONNECTION_REFUSED @ http://localhost:3000/_next/static/chunks/node_modules_next_dist_client_0r5nbpw._.js:13422
[  159255ms] [ERROR] WebSocket connection to 'ws://localhost:3000/_next/webpack-hmr?id=rRhp8QCbQVbDunCAhDSAB' failed: Error in connection establishment: net::ERR_CONNECTION_REFUSED @ http://localhost:3000/_next/static/chunks/node_modules_next_dist_client_0r5nbpw._.js:13422
[  160260ms] [ERROR] WebSocket connection to 'ws://localhost:3000/_next/webpack-hmr?id=rRhp8QCbQVbDunCAhDSAB' failed: Error in connection establishment: net::ERR_CONNECTION_REFUSED @ http://localhost:3000/_next/static/chunks/node_modules_next_dist_client_0r5nbpw._.js:13422
[  161263ms] [ERROR] WebSocket connection to 'ws://localhost:3000/_next/webpack-hmr?id=rRhp8QCbQVbDunCAhDSAB' failed: Error in connection establishment: net::ERR_CONNECTION_REFUSED @ http://localhost:3000/_next/static/chunks/node_modules_next_dist_client_0r5nbpw._.js:13422
[  166270ms] [ERROR] WebSocket connection to 'ws://localhost:3000/_next/webpack-hmr?id=rRhp8QCbQVbDunCAhDSAB' failed: Error in connection establishment: net::ERR_CONNECTION_REFUSED @ http://localhost:3000/_next/static/chunks/node_modules_next_dist_client_0r5nbpw._.js:13422
[  171276ms] [ERROR] WebSocket connection to 'ws://localhost:3000/_next/webpack-hmr?id=rRhp8QCbQVbDunCAhDSAB' failed: Error in connection establishment: net::ERR_CONNECTION_REFUSED @ http://localhost:3000/_next/static/chunks/node_modules_next_dist_client_0r5nbpw._.js:13422
[  176297ms] [ERROR] WebSocket connection to 'ws://localhost:3000/_next/webpack-hmr?id=rRhp8QCbQVbDunCAhDSAB' failed: Error in connection establishment: net::ERR_CONNECTION_REFUSED @ http://localhost:3000/_next/static/chunks/node_modules_next_dist_client_0r5nbpw._.js:13422
[  181326ms] [ERROR] WebSocket connection to 'ws://localhost:3000/_next/webpack-hmr?id=rRhp8QCbQVbDunCAhDSAB' failed: Error in connection establishment: net::ERR_CONNECTION_REFUSED @ http://localhost:3000/_next/static/chunks/node_modules_next_dist_client_0r5nbpw._.js:13422
[  186409ms] [ERROR] WebSocket connection to 'ws://localhost:3000/_next/webpack-hmr?id=rRhp8QCbQVbDunCAhDSAB' failed: Error in connection establishment: net::ERR_CONNECTION_REFUSED @ http://localhost:3000/_next/static/chunks/node_modules_next_dist_client_0r5nbpw._.js:13422
[  191507ms] [ERROR] WebSocket connection to 'ws://localhost:3000/_next/webpack-hmr?id=rRhp8QCbQVbDunCAhDSAB' failed: Error in connection establishment: net::ERR_CONNECTION_REFUSED @ http://localhost:3000/_next/static/chunks/node_modules_next_dist_client_0r5nbpw._.js:13422
[  196744ms] [ERROR] WebSocket connection to 'ws://localhost:3000/_next/webpack-hmr?id=rRhp8QCbQVbDunCAhDSAB' failed: Error in connection establishment: net::ERR_CONNECTION_REFUSED @ http://localhost:3000/_next/static/chunks/node_modules_next_dist_client_0r5nbpw._.js:13422
