[     176ms] [INFO] %cDownload the React DevTools for a better development experience: https://react.dev/link/react-devtools font-weight:bold @ http://localhost:3000/_next/static/chunks/node_modules_next_dist_1ybzpk2._.js:2477
[     220ms] [LOG] [HMR] connected @ http://localhost:3000/_next/static/chunks/node_modules_next_dist_1ybzpk2._.js:2477
[   18141ms] [LOG] [Fast Refresh] rebuilding @ http://localhost:3000/_next/static/chunks/node_modules_next_dist_1ybzpk2._.js:2477
[   18144ms] [LOG] [Fast Refresh] done in 105ms @ http://localhost:3000/_next/static/chunks/node_modules_next_dist_1ybzpk2._.js:2477
[   49367ms] [LOG] [Fast Refresh] rebuilding @ http://localhost:3000/_next/static/chunks/node_modules_next_dist_1ybzpk2._.js:2477
[   49432ms] [LOG] [Fast Refresh] done in 166ms @ http://localhost:3000/_next/static/chunks/node_modules_next_dist_1ybzpk2._.js:2477
[   63421ms] [WARNING] Warning: Missing `Description` or `aria-describedby={undefined}` for {DialogContent}. @ http://localhost:3000/_next/static/chunks/node_modules_next_dist_1ybzpk2._.js:2477
[   63423ms] [WARNING] Warning: Missing `Description` or `aria-describedby={undefined}` for {DialogContent}. @ http://localhost:3000/_next/static/chunks/node_modules_next_dist_1ybzpk2._.js:2477
[   72909ms] [ERROR] WebSocket connection to 'ws://localhost:3000/_next/webpack-hmr?id=yUgnOx18FmtPBpbOPPa6t' failed:  @ http://localhost:3000/_next/static/chunks/node_modules_next_dist_client_0r5nbpw._.js:13422
[   73914ms] [ERROR] WebSocket connection to 'ws://localhost:3000/_next/webpack-hmr?id=yUgnOx18FmtPBpbOPPa6t' failed: Error in connection establishment: net::ERR_CONNECTION_REFUSED @ http://localhost:3000/_next/static/chunks/node_modules_next_dist_client_0r5nbpw._.js:13422
[   74916ms] [ERROR] WebSocket connection to 'ws://localhost:3000/_next/webpack-hmr?id=yUgnOx18FmtPBpbOPPa6t' failed: Error in connection establishment: net::ERR_CONNECTION_REFUSED @ http://localhost:3000/_next/static/chunks/node_modules_next_dist_client_0r5nbpw._.js:13422
[   75918ms] [ERROR] WebSocket connection to 'ws://localhost:3000/_next/webpack-hmr?id=yUgnOx18FmtPBpbOPPa6t' failed: Error in connection establishment: net::ERR_CONNECTION_REFUSED @ http://localhost:3000/_next/static/chunks/node_modules_next_dist_client_0r5nbpw._.js:13422
[   76920ms] [ERROR] WebSocket connection to 'ws://localhost:3000/_next/webpack-hmr?id=yUgnOx18FmtPBpbOPPa6t' failed: Error in connection establishment: net::ERR_CONNECTION_REFUSED @ http://localhost:3000/_next/static/chunks/node_modules_next_dist_client_0r5nbpw._.js:13422
[   77925ms] [ERROR] WebSocket connection to 'ws://localhost:3000/_next/webpack-hmr?id=yUgnOx18FmtPBpbOPPa6t' failed: Error in connection establishment: net::ERR_CONNECTION_REFUSED @ http://localhost:3000/_next/static/chunks/node_modules_next_dist_client_0r5nbpw._.js:13422
[   82928ms] [ERROR] WebSocket connection to 'ws://localhost:3000/_next/webpack-hmr?id=yUgnOx18FmtPBpbOPPa6t' failed: Error in connection establishment: net::ERR_CONNECTION_REFUSED @ http://localhost:3000/_next/static/chunks/node_modules_next_dist_client_0r5nbpw._.js:13422
[   87939ms] [ERROR] WebSocket connection to 'ws://localhost:3000/_next/webpack-hmr?id=yUgnOx18FmtPBpbOPPa6t' failed: Error in connection establishment: net::ERR_CONNECTION_REFUSED @ http://localhost:3000/_next/static/chunks/node_modules_next_dist_client_0r5nbpw._.js:13422
[   92963ms] [ERROR] WebSocket connection to 'ws://localhost:3000/_next/webpack-hmr?id=yUgnOx18FmtPBpbOPPa6t' failed: Error in connection establishment: net::ERR_CONNECTION_REFUSED @ http://localhost:3000/_next/static/chunks/node_modules_next_dist_client_0r5nbpw._.js:13422
[   97981ms] [ERROR] WebSocket connection to 'ws://localhost:3000/_next/webpack-hmr?id=yUgnOx18FmtPBpbOPPa6t' failed: Error in connection establishment: net::ERR_CONNECTION_REFUSED @ http://localhost:3000/_next/static/chunks/node_modules_next_dist_client_0r5nbpw._.js:13422
[  103053ms] [ERROR] WebSocket connection to 'ws://localhost:3000/_next/webpack-hmr?id=yUgnOx18FmtPBpbOPPa6t' failed: Error in connection establishment: net::ERR_CONNECTION_REFUSED @ http://localhost:3000/_next/static/chunks/node_modules_next_dist_client_0r5nbpw._.js:13422
[  108148ms] [ERROR] WebSocket connection to 'ws://localhost:3000/_next/webpack-hmr?id=yUgnOx18FmtPBpbOPPa6t' failed: Error in connection establishment: net::ERR_CONNECTION_REFUSED @ http://localhost:3000/_next/static/chunks/node_modules_next_dist_client_0r5nbpw._.js:13422
[  113346ms] [ERROR] WebSocket connection to 'ws://localhost:3000/_next/webpack-hmr?id=yUgnOx18FmtPBpbOPPa6t' failed: Error in connection establishment: net::ERR_CONNECTION_REFUSED @ http://localhost:3000/_next/static/chunks/node_modules_next_dist_client_0r5nbpw._.js:13422
