[     170ms] [INFO] %cDownload the React DevTools for a better development experience: https://react.dev/link/react-devtools font-weight:bold @ http://localhost:3000/_next/static/chunks/node_modules_next_dist_1ybzpk2._.js:2477
[     213ms] [LOG] [HMR] connected @ http://localhost:3000/_next/static/chunks/node_modules_next_dist_1ybzpk2._.js:2477
[   29071ms] [ERROR] `DialogContent` requires a `DialogTitle` for the component to be accessible for screen reader users.

If you want to hide the `DialogTitle`, you can wrap it with our VisuallyHidden component.

For more information, see https://radix-ui.com/primitives/docs/components/dialog @ http://localhost:3000/_next/static/chunks/node_modules_next_dist_1ybzpk2._.js:3318
[   29072ms] [WARNING] Warning: Missing `Description` or `aria-describedby={undefined}` for {DialogContent}. @ http://localhost:3000/_next/static/chunks/node_modules_next_dist_1ybzpk2._.js:2477
[   29074ms] [ERROR] `DialogContent` requires a `DialogTitle` for the component to be accessible for screen reader users.

If you want to hide the `DialogTitle`, you can wrap it with our VisuallyHidden component.

For more information, see https://radix-ui.com/primitives/docs/components/dialog @ http://localhost:3000/_next/static/chunks/node_modules_next_dist_1ybzpk2._.js:3318
[   29075ms] [WARNING] Warning: Missing `Description` or `aria-describedby={undefined}` for {DialogContent}. @ http://localhost:3000/_next/static/chunks/node_modules_next_dist_1ybzpk2._.js:2477
[   30262ms] [LOG] [Fast Refresh] rebuilding @ http://localhost:3000/_next/static/chunks/node_modules_next_dist_1ybzpk2._.js:2477
[   30319ms] [LOG] [Fast Refresh] done in 159ms @ http://localhost:3000/_next/static/chunks/node_modules_next_dist_1ybzpk2._.js:2477
[   45857ms] [ERROR] WebSocket connection to 'ws://localhost:3000/_next/webpack-hmr?id=99rgkZDKXyBdrCxQCbAsJ' failed:  @ http://localhost:3000/_next/static/chunks/node_modules_next_dist_client_0r5nbpw._.js:13422
[   46862ms] [ERROR] WebSocket connection to 'ws://localhost:3000/_next/webpack-hmr?id=99rgkZDKXyBdrCxQCbAsJ' failed: Error in connection establishment: net::ERR_CONNECTION_REFUSED @ http://localhost:3000/_next/static/chunks/node_modules_next_dist_client_0r5nbpw._.js:13422
[   47864ms] [ERROR] WebSocket connection to 'ws://localhost:3000/_next/webpack-hmr?id=99rgkZDKXyBdrCxQCbAsJ' failed: Error in connection establishment: net::ERR_CONNECTION_REFUSED @ http://localhost:3000/_next/static/chunks/node_modules_next_dist_client_0r5nbpw._.js:13422
[   48866ms] [ERROR] WebSocket connection to 'ws://localhost:3000/_next/webpack-hmr?id=99rgkZDKXyBdrCxQCbAsJ' failed: Error in connection establishment: net::ERR_CONNECTION_REFUSED @ http://localhost:3000/_next/static/chunks/node_modules_next_dist_client_0r5nbpw._.js:13422
[   49868ms] [ERROR] WebSocket connection to 'ws://localhost:3000/_next/webpack-hmr?id=99rgkZDKXyBdrCxQCbAsJ' failed: Error in connection establishment: net::ERR_CONNECTION_REFUSED @ http://localhost:3000/_next/static/chunks/node_modules_next_dist_client_0r5nbpw._.js:13422
[   50870ms] [ERROR] WebSocket connection to 'ws://localhost:3000/_next/webpack-hmr?id=99rgkZDKXyBdrCxQCbAsJ' failed: Error in connection establishment: net::ERR_CONNECTION_REFUSED @ http://localhost:3000/_next/static/chunks/node_modules_next_dist_client_0r5nbpw._.js:13422
[   55875ms] [ERROR] WebSocket connection to 'ws://localhost:3000/_next/webpack-hmr?id=99rgkZDKXyBdrCxQCbAsJ' failed: Error in connection establishment: net::ERR_CONNECTION_REFUSED @ http://localhost:3000/_next/static/chunks/node_modules_next_dist_client_0r5nbpw._.js:13422
[   60882ms] [ERROR] WebSocket connection to 'ws://localhost:3000/_next/webpack-hmr?id=99rgkZDKXyBdrCxQCbAsJ' failed: Error in connection establishment: net::ERR_CONNECTION_REFUSED @ http://localhost:3000/_next/static/chunks/node_modules_next_dist_client_0r5nbpw._.js:13422
[   65902ms] [ERROR] WebSocket connection to 'ws://localhost:3000/_next/webpack-hmr?id=99rgkZDKXyBdrCxQCbAsJ' failed: Error in connection establishment: net::ERR_CONNECTION_REFUSED @ http://localhost:3000/_next/static/chunks/node_modules_next_dist_client_0r5nbpw._.js:13422
[   70926ms] [ERROR] WebSocket connection to 'ws://localhost:3000/_next/webpack-hmr?id=99rgkZDKXyBdrCxQCbAsJ' failed: Error in connection establishment: net::ERR_CONNECTION_REFUSED @ http://localhost:3000/_next/static/chunks/node_modules_next_dist_client_0r5nbpw._.js:13422
[   75962ms] [ERROR] WebSocket connection to 'ws://localhost:3000/_next/webpack-hmr?id=99rgkZDKXyBdrCxQCbAsJ' failed: Error in connection establishment: net::ERR_CONNECTION_REFUSED @ http://localhost:3000/_next/static/chunks/node_modules_next_dist_client_0r5nbpw._.js:13422
[   81053ms] [ERROR] WebSocket connection to 'ws://localhost:3000/_next/webpack-hmr?id=99rgkZDKXyBdrCxQCbAsJ' failed: Error in connection establishment: net::ERR_CONNECTION_REFUSED @ http://localhost:3000/_next/static/chunks/node_modules_next_dist_client_0r5nbpw._.js:13422
[   86291ms] [ERROR] WebSocket connection to 'ws://localhost:3000/_next/webpack-hmr?id=99rgkZDKXyBdrCxQCbAsJ' failed: Error in connection establishment: net::ERR_CONNECTION_REFUSED @ http://localhost:3000/_next/static/chunks/node_modules_next_dist_client_0r5nbpw._.js:13422
